Command line invocation:
    /Applications/Xcode.app/Contents/Developer/usr/bin/xcodebuild build -project MangoProject.xcodeproj -scheme MangoProject -destination "generic/platform=iOS Simulator"

ComputePackagePrebuildTargetDependencyGraph

Prepare packages

CreateBuildRequest

SendProjectDescription

CreateBuildOperation

ComputeTargetDependencyGraph
note: Building targets in dependency order
note: Target dependency graph (1 target)
    Target 'MangoProject' in project 'MangoProject' (no dependencies)

GatherProvisioningInputs

CreateBuildDescription

ExecuteExternalTool /Applications/Xcode.app/Contents/Developer/Toolchains/XcodeDefault.xctoolchain/usr/bin/clang -v -E -dM -isysroot /Applications/Xcode.app/Contents/Developer/Platforms/iPhoneSimulator.platform/Developer/SDKs/iPhoneSimulator26.5.sdk -x c -c /dev/null

ExecuteExternalTool /Applications/Xcode.app/Contents/Developer/usr/bin/actool --print-asset-tag-combinations --output-format xml1 /Users/sebastiandarren/Downloads/Mango/MangoProject/MangoProject/Assets.xcassets

ExecuteExternalTool /Applications/Xcode.app/Contents/Developer/usr/bin/actool --version --output-format xml1

ExecuteExternalTool /Applications/Xcode.app/Contents/Developer/Toolchains/XcodeDefault.xctoolchain/usr/bin/swiftc --version

ExecuteExternalTool /Applications/Xcode.app/Contents/Developer/Toolchains/XcodeDefault.xctoolchain/usr/bin/ld -version_details

Build description signature: 5c78d136d785967f63794362c8ba176b
Build description path: /Users/sebastiandarren/Library/Developer/Xcode/DerivedData/MangoProject-cwsdxbhdsxodgthbtwecehkcnyxy/Build/Intermediates.noindex/XCBuildData/5c78d136d785967f63794362c8ba176b.xcbuilddata
ClangStatCache /Applications/Xcode.app/Contents/Developer/Toolchains/XcodeDefault.xctoolchain/usr/bin/clang-stat-cache /Applications/Xcode.app/Contents/Developer/Platforms/iPhoneSimulator.platform/Developer/SDKs/iPhoneSimulator26.5.sdk /Users/sebastiandarren/Library/Developer/Xcode/DerivedData/SDKStatCaches.noindex/iphonesimulator26.5-23F81a-6cfe768891a92b912361537c460fe42b.sdkstatcache
    cd /Users/sebastiandarren/Downloads/Mango/MangoProject/MangoProject.xcodeproj
    /Applications/Xcode.app/Contents/Developer/Toolchains/XcodeDefault.xctoolchain/usr/bin/clang-stat-cache /Applications/Xcode.app/Contents/Developer/Platforms/iPhoneSimulator.platform/Developer/SDKs/iPhoneSimulator26.5.sdk -o /Users/sebastiandarren/Library/Developer/Xcode/DerivedData/SDKStatCaches.noindex/iphonesimulator26.5-23F81a-6cfe768891a92b912361537c460fe42b.sdkstatcache

CopySwiftLibs /Users/sebastiandarren/Library/Developer/Xcode/DerivedData/MangoProject-cwsdxbhdsxodgthbtwecehkcnyxy/Build/Products/Debug-iphonesimulator/MangoProject.app (in target 'MangoProject' from project 'MangoProject')
    cd /Users/sebastiandarren/Downloads/Mango/MangoProject
    builtin-swiftStdLibTool --copy --verbose --sign - --scan-executable /Users/sebastiandarren/Library/Developer/Xcode/DerivedData/MangoProject-cwsdxbhdsxodgthbtwecehkcnyxy/Build/Products/Debug-iphonesimulator/MangoProject.app/MangoProject.debug.dylib --scan-folder /Users/sebastiandarren/Library/Developer/Xcode/DerivedData/MangoProject-cwsdxbhdsxodgthbtwecehkcnyxy/Build/Products/Debug-iphonesimulator/MangoProject.app/Frameworks --scan-folder /Users/sebastiandarren/Library/Developer/Xcode/DerivedData/MangoProject-cwsdxbhdsxodgthbtwecehkcnyxy/Build/Products/Debug-iphonesimulator/MangoProject.app/PlugIns --scan-folder /Users/sebastiandarren/Library/Developer/Xcode/DerivedData/MangoProject-cwsdxbhdsxodgthbtwecehkcnyxy/Build/Products/Debug-iphonesimulator/MangoProject.app/SystemExtensions --scan-folder /Users/sebastiandarren/Library/Developer/Xcode/DerivedData/MangoProject-cwsdxbhdsxodgthbtwecehkcnyxy/Build/Products/Debug-iphonesimulator/MangoProject.app/Extensions --platform iphonesimulator --toolchain /Applications/Xcode.app/Contents/Developer/Toolchains/XcodeDefault.xctoolchain --destination /Users/sebastiandarren/Library/Developer/Xcode/DerivedData/MangoProject-cwsdxbhdsxodgthbtwecehkcnyxy/Build/Products/Debug-iphonesimulator/MangoProject.app/Frameworks --strip-bitcode --strip-bitcode-tool /Applications/Xcode.app/Contents/Developer/Toolchains/XcodeDefault.xctoolchain/usr/bin/bitcode_strip --emit-dependency-info /Users/sebastiandarren/Library/Developer/Xcode/DerivedData/MangoProject-cwsdxbhdsxodgthbtwecehkcnyxy/Build/Intermediates.noindex/MangoProject.build/Debug-iphonesimulator/MangoProject.build/SwiftStdLibToolInputDependencies.dep --filter-for-swift-os

ProcessInfoPlistFile /Users/sebastiandarren/Library/Developer/Xcode/DerivedData/MangoProject-cwsdxbhdsxodgthbtwecehkcnyxy/Build/Products/Debug-iphonesimulator/MangoProject.app/Info.plist /Users/sebastiandarren/Library/Developer/Xcode/DerivedData/MangoProject-cwsdxbhdsxodgthbtwecehkcnyxy/Build/Intermediates.noindex/MangoProject.build/Debug-iphonesimulator/MangoProject.build/empty-MangoProject.plist (in target 'MangoProject' from project 'MangoProject')
    cd /Users/sebastiandarren/Downloads/Mango/MangoProject
    builtin-infoPlistUtility /Users/sebastiandarren/Library/Developer/Xcode/DerivedData/MangoProject-cwsdxbhdsxodgthbtwecehkcnyxy/Build/Intermediates.noindex/MangoProject.build/Debug-iphonesimulator/MangoProject.build/empty-MangoProject.plist -producttype com.apple.product-type.application -genpkginfo /Users/sebastiandarren/Library/Developer/Xcode/DerivedData/MangoProject-cwsdxbhdsxodgthbtwecehkcnyxy/Build/Products/Debug-iphonesimulator/MangoProject.app/PkgInfo -expandbuildsettings -format binary -platform iphonesimulator -additionalcontentfile /Users/sebastiandarren/Library/Developer/Xcode/DerivedData/MangoProject-cwsdxbhdsxodgthbtwecehkcnyxy/Build/Intermediates.noindex/MangoProject.build/Debug-iphonesimulator/MangoProject.build/assetcatalog_generated_info.plist -o /Users/sebastiandarren/Library/Developer/Xcode/DerivedData/MangoProject-cwsdxbhdsxodgthbtwecehkcnyxy/Build/Products/Debug-iphonesimulator/MangoProject.app/Info.plist

** BUILD SUCCEEDED **

